// Jest Snapshot v1, https://goo.gl/fbAQLP

exports[`UpdatePermission form should match the snapshot 1`] = `
<div>
  <form
    className="form-centered"
    onSubmit={[Function]}
  >
    <div>
      <label>
        Set Permission:
      </label>
      <div>
        <select
          className="inputBox select-medium"
          name="permission"
          onBlur={[Function]}
          onChange={[Function]}
          onDragStart={[Function]}
          onDrop={[Function]}
          onFocus={[Function]}
          value=""
        >
          <option>
            Select permission level
          </option>
          <option
            value="USER"
          >
            USER
          </option>
          <option
            value="READ-ONLY"
          >
            READ-ONLY
          </option>
          <option
            value="ADMIN"
          >
            ADMIN
          </option>
          <option
            value="SUPER-USER"
          >
            SUPER-USER
          </option>
        </select>
      </div>
    </div>
    <button
      className="submit"
    >
      <i
        className="far fa-save"
      />
       Save
    </button>
  </form>
</div>
`;
