// Jest Snapshot v1, https://goo.gl/fbAQLP

exports[`User should render a user's details using the props passed to it 1`] = `
<div>
  <div
    className="spacedContent"
  >
    <b>
      Name: 
    </b>
     
    testForename testSurname
  </div>
  <div
    className="spacedContent"
  >
    <b>
      Email: 
    </b>
     
    testEmail
  </div>
  <div
    className="spacedContent"
  >
    <b>
      Permission: 
    </b>
    USER
  </div>
  <div
    className="spacedContent"
  >
    <b>
      Verified: 
    </b>
    Yes
  </div>
</div>
`;
