// Jest Snapshot v1, https://goo.gl/fbAQLP

exports[`editProfile form should match the snapshot 1`] = `
<div
  id="editUserDetails"
>
  <form
    className="profileForm"
    onSubmit={[Function]}
  >
    <div>
      <div
        id="editUserDetailsTitle"
      >
        Edit Personal Details
      </div>
    </div>
    <div>
      <label>
        Forename
      </label>
      <input
        className="inputBox"
        name="forename"
        onBlur={[Function]}
        onChange={[Function]}
        onDragStart={[Function]}
        onDrop={[Function]}
        onFocus={[Function]}
        placeholder="testForename"
        value=""
      />
    </div>
    <div>
      <label>
        Surname
      </label>
      <input
        className="inputBox"
        name="surname"
        onBlur={[Function]}
        onChange={[Function]}
        onDragStart={[Function]}
        onDrop={[Function]}
        onFocus={[Function]}
        placeholder="testSurname"
        value=""
      />
    </div>
    <div
      id="userEmail"
    >
      Your email:
      <span>
         
        testEmail
      </span>
    </div>
    <div>
      <label>
        New Email
      </label>
      <input
        className="inputBox"
        name="newEmail"
        onBlur={[Function]}
        onChange={[Function]}
        onDragStart={[Function]}
        onDrop={[Function]}
        onFocus={[Function]}
        placeholder="testEmail"
        value=""
      />
    </div>
    <button
      className="submit"
      id="submit"
    >
      Submit
    </button>
  </form>
</div>
`;
