// Jest Snapshot v1, https://goo.gl/fbAQLP

exports[`UpdateQuiz Form should match the snapshot 1`] = `
<div>
  <form
    onSubmit={[Function]}
  >
    <div>
      <label>
        Quiz name:
      </label>
      <input
        className="inputBox"
        name="name"
        onBlur={[Function]}
        onChange={[Function]}
        onDragStart={[Function]}
        onDrop={[Function]}
        onFocus={[Function]}
        placeholder="testName"
        value=""
      />
    </div>
    <div>
      <label>
        Quiz description:
      </label>
      <input
        className="inputBox"
        name="description"
        onBlur={[Function]}
        onChange={[Function]}
        onDragStart={[Function]}
        onDrop={[Function]}
        onFocus={[Function]}
        placeholder="testDescription"
        value=""
      />
    </div>
    <div>
      <label>
        Quiz category:
      </label>
      <select
        className="inputBox"
        name="category"
        onBlur={[Function]}
        onChange={[Function]}
        onDragStart={[Function]}
        onDrop={[Function]}
        onFocus={[Function]}
        placeholder="testCategory"
        value=""
      >
        <option
          value="testCategory"
        >
          testCategory
        </option>
        <option
          value="testCategor2"
        >
          testCategor2
        </option>
        <option
          value="testCategor3"
        >
          testCategor3
        </option>
      </select>
    </div>
    <div>
      <button
        className="submit"
      >
        Save
      </button>
      <a
        className="cancel"
        href="/quizSearch"
        onClick={[Function]}
      >
        Cancel
      </a>
    </div>
  </form>
</div>
`;
