// Jest Snapshot v1, https://goo.gl/fbAQLP

exports[`Notification component can hide a notification message when the show property is set to false 1`] = `null`;

exports[`Notification component can render a notification 1`] = `
<div
  className="spacing shrinkNotification success"
  id="notification"
>
  Test message
</div>
`;

exports[`Notification component can render a notification with an icon 1`] = `
<div
  className="spacing verifyProcess shrinkNotification shrinkImg"
  id="notification"
>
  <div
    className="notificationBody"
  >
    <div
      className="notificationImg"
    >
      <img
        alt=""
        className="img"
        src="mail-sent.png"
      />
    </div>
    <div
      className="notificationText"
    >
      test of notification that includes an icon png
    </div>
  </div>
</div>
`;
