// Jest Snapshot v1, https://goo.gl/fbAQLP

exports[`Answer should match snapshot for user with 'ADMIN' permission 1`] = `
<div>
  <div
    className="answerContainer"
  >
    <div
      className="ansNumber"
    >
      1
    </div>
    <div
      className="ansDecription"
    >
      testDescription
    </div>
    <div
      className="correctAns"
    >
      <i
        className="fas fa-eye-slash"
      />
    </div>
    <div
      className="ansOptions"
    />
  </div>
</div>
`;

exports[`Answer should match snapshot for user with 'READ-ONLY' permission 1`] = `
<div>
  <div
    className="answerContainer"
  >
    <div
      className="ansNumber"
    >
      1
    </div>
    <div
      className="ansDecription"
    >
      testDescription
    </div>
    <div
      className="correctAns"
    >
      <i
        className="fas fa-eye-slash"
      />
    </div>
    <div
      className="ansOptions"
    />
  </div>
</div>
`;

exports[`Answer should match snapshot which renders a correct answer 1`] = `
<div>
  <div
    className="answerContainer"
  >
    <div
      className="ansNumber"
    >
      1
    </div>
    <div
      className="ansDecription"
    >
      testDescription
    </div>
    <div
      className="correctAns"
    >
      <i
        className="fas fa-eye-slash"
      />
    </div>
    <div
      className="ansOptions"
    />
  </div>
</div>
`;
