// Jest Snapshot v1, https://goo.gl/fbAQLP

exports[`DropdownList should render only ADMIN options for user with ADMIN permission 1`] = `
<div
  className="list"
>
  <ul>
    <li>
      <a
        className="links"
        onClick={[Function]}
      >
        Login
      </a>
      <hr />
    </li>
    <li>
      <a
        className="links"
        onClick={[Function]}
      >
        Create Account
      </a>
    </li>
  </ul>
</div>
`;

exports[`DropdownList should render only READ-ONLY options for user with READ-ONLY permission 1`] = `
<div
  className="list"
>
  <ul>
    <li>
      <a
        className="links"
        onClick={[Function]}
      >
        Login
      </a>
      <hr />
    </li>
    <li>
      <a
        className="links"
        onClick={[Function]}
      >
        Create Account
      </a>
    </li>
  </ul>
</div>
`;

exports[`DropdownList should render only USER options for user with USER permission 1`] = `
<div
  className="list"
>
  <ul>
    <li>
      <a
        className="links"
        onClick={[Function]}
      >
        Login
      </a>
      <hr />
    </li>
    <li>
      <a
        className="links"
        onClick={[Function]}
      >
        Create Account
      </a>
    </li>
  </ul>
</div>
`;

exports[`DropdownList should render only login and create account if user is not logged in 1`] = `
<div
  className="list"
>
  <ul>
    <li>
      <a
        className="links"
        onClick={[Function]}
      >
        Login
      </a>
      <hr />
    </li>
    <li>
      <a
        className="links"
        onClick={[Function]}
      >
        Create Account
      </a>
    </li>
  </ul>
</div>
`;
