// Jest Snapshot v1, https://goo.gl/fbAQLP

exports[`Question should render a question along with edit and delete options for ADMIN users 1`] = `
<div>
  <div
    className="questionContainer"
  >
    <div
      className="questionNumber"
    >
      1
    </div>
    <div
      className="questionDescription"
    >
      testDescription
    </div>
    <div
      className="questionOptions"
    />
  </div>
</div>
`;

exports[`Question should render a question along with view option for READ-ONLY users 1`] = `
<div>
  <div
    className="questionContainer"
  >
    <div
      className="questionNumber"
    >
      1
    </div>
    <div
      className="questionDescription"
    >
      testDescription
    </div>
    <div
      className="questionOptions"
    />
  </div>
</div>
`;
