// Jest Snapshot v1, https://goo.gl/fbAQLP

exports[`newQuestion form should match the snapshot 1`] = `
<div
  className="componentContainer"
>
  <div
    className="title-large-spaced"
  >
    Create a Question
  </div>
  <form
    className="form-centered"
    onSubmit={[Function]}
  >
    <div>
      <label>
        Question Number:
      </label>
      <input
        className="inputBox"
        name="number"
        onBlur={[Function]}
        onChange={[Function]}
        onDragStart={[Function]}
        onDrop={[Function]}
        onFocus={[Function]}
        value=""
      />
    </div>
    <div>
      <label>
        Question description:
      </label>
      <textarea
        className="inputBox"
        name="description"
        onBlur={[Function]}
        onChange={[Function]}
        onDragStart={[Function]}
        onDrop={[Function]}
        onFocus={[Function]}
        value=""
      />
    </div>
    <div>
      <label>
        Add an image or gif:
      </label>
      <input
        className="inputBox custom-file-input"
        name="file"
        onBlur={[Function]}
        onChange={[Function]}
        onDragStart={[Function]}
        onDrop={[Function]}
        onFocus={[Function]}
        type="file"
      />
    </div>
    <div
      className="buttonGroup"
    >
      <button
        className="submit"
      >
        Save
      </button>
      <a
        className="cancel"
        href="/editQuiz"
        onClick={[Function]}
      >
        Cancel
      </a>
    </div>
  </form>
</div>
`;
