// Jest Snapshot v1, https://goo.gl/fbAQLP

exports[`AllQuizes should render all quizes regardless of status for ADMIN users 1`] = `
<div
  className="componentContainer"
>
  <div
    className="spacing"
    id="notification"
  />
  <div
    className="hide"
  >
    <div
      className="modalContent"
      onClick={[Function]}
    >
      <span
        className="close"
      >
        <i
          className="fas fa-times-circle red"
        />
      </span>
      <div
        className="modalHeader"
      >
        Quiz
      </div>
      <div
        className="modalMessage"
      >
        <img
          alt=""
          src="warning.png"
        />
        <div
          className="txt"
        >
          You are about to delete a quiz which will also delete any questions and answers associated with is
        </div>
      </div>
      <div
        className="modalActions"
      >
        <button
          className="delete"
          data-testid="modal-delete-button"
          onClick={[Function]}
        >
          Delete
        </button>
        <button
          className="submit"
          data-testid="modal-cancel-button"
        >
          Cancel
        </button>
      </div>
    </div>
  </div>
  <div
    className="bottomSpacing"
  >
    <div
      className="title-large-left"
    >
      test1
    </div>
    <div
      id="resultsHeadings"
    >
      <div
        id="nameHeader"
      >
        Quiz Name
      </div>
      <div
        id="descriptionHeader"
      >
        Description
      </div>
    </div>
    <div>
      <div
        className="quizContainer"
      >
        <div
          className="quiz"
        >
          <div
            className="quizName"
          >
            test
          </div>
          <div
            className="quizDescription"
          >
            test
          </div>
          <div
            className="options"
          />
        </div>
      </div>
      <div
        className="quizContainer"
      >
        <div
          className="quiz"
        >
          <div
            className="quizName"
          >
            test2
          </div>
          <div
            className="quizDescription"
          >
            test2
          </div>
          <div
            className="options"
          />
        </div>
      </div>
    </div>
  </div>
  <div
    className="bottomSpacing"
  >
    <div
      className="title-large-left"
    >
      test2
    </div>
    <div
      id="resultsHeadings"
    >
      <div
        id="nameHeader"
      >
        Quiz Name
      </div>
      <div
        id="descriptionHeader"
      >
        Description
      </div>
    </div>
    <div>
      <div
        className="quizContainer"
      >
        <div
          className="quiz"
        >
          <div
            className="quizName"
          >
            test
          </div>
          <div
            className="quizDescription"
          >
            test
          </div>
          <div
            className="options"
          />
        </div>
      </div>
      <div
        className="quizContainer"
      >
        <div
          className="quiz"
        >
          <div
            className="quizName"
          >
            test2
          </div>
          <div
            className="quizDescription"
          >
            test2
          </div>
          <div
            className="options"
          />
        </div>
      </div>
    </div>
  </div>
  <div
    className="bottomSpacing"
  >
    <div
      className="title-large-left"
    />
    <div />
  </div>
</div>
`;

exports[`AllQuizes should render only READY quizes for a user 1`] = `
<div
  className="componentContainer"
>
  <div
    className="spacing"
    id="notification"
  />
  <div
    className="hide"
  >
    <div
      className="modalContent"
      onClick={[Function]}
    >
      <span
        className="close"
      >
        <i
          className="fas fa-times-circle red"
        />
      </span>
      <div
        className="modalHeader"
      >
        Quiz
      </div>
      <div
        className="modalMessage"
      >
        <img
          alt=""
          src="warning.png"
        />
        <div
          className="txt"
        >
          You are about to delete a quiz which will also delete any questions and answers associated with is
        </div>
      </div>
      <div
        className="modalActions"
      >
        <button
          className="delete"
          data-testid="modal-delete-button"
          onClick={[Function]}
        >
          Delete
        </button>
        <button
          className="submit"
          data-testid="modal-cancel-button"
        >
          Cancel
        </button>
      </div>
    </div>
  </div>
  <div
    className="bottomSpacing"
  >
    <div
      className="title-large-left"
    >
      test1
    </div>
    <div
      id="resultsHeadings"
    >
      <div
        id="nameHeader"
      >
        Quiz Name
      </div>
      <div
        id="descriptionHeader"
      >
        Description
      </div>
    </div>
    <div>
      <div
        className="quizContainer"
      >
        <div
          className="quiz"
        >
          <div
            className="quizName"
          >
            test
          </div>
          <div
            className="quizDescription"
          >
            test
          </div>
          <div
            className="options"
          />
        </div>
      </div>
      <div
        className="quizContainer"
      >
        <div
          className="quiz"
        >
          <div
            className="quizName"
          >
            test2
          </div>
          <div
            className="quizDescription"
          >
            test2
          </div>
          <div
            className="options"
          />
        </div>
      </div>
    </div>
  </div>
  <div
    className="bottomSpacing"
  >
    <div
      className="title-large-left"
    >
      test2
    </div>
    <div
      id="resultsHeadings"
    >
      <div
        id="nameHeader"
      >
        Quiz Name
      </div>
      <div
        id="descriptionHeader"
      >
        Description
      </div>
    </div>
    <div>
      <div
        className="quizContainer"
      >
        <div
          className="quiz"
        >
          <div
            className="quizName"
          >
            test
          </div>
          <div
            className="quizDescription"
          >
            test
          </div>
          <div
            className="options"
          />
        </div>
      </div>
      <div
        className="quizContainer"
      >
        <div
          className="quiz"
        >
          <div
            className="quizName"
          >
            test2
          </div>
          <div
            className="quizDescription"
          >
            test2
          </div>
          <div
            className="options"
          />
        </div>
      </div>
    </div>
  </div>
  <div
    className="bottomSpacing"
  >
    <div
      className="title-large-left"
    />
    <div />
  </div>
</div>
`;
