// Jest Snapshot v1, https://goo.gl/fbAQLP

exports[`AllQuizes should render all quizes regardless of status for ADMIN users 1`] = `
<div
  className="componentContainer"
>
  <div
    id="allQuizzesTitle"
  >
    Browse all quizzes by Category
  </div>
  <div
    className="quizCategorySection"
  >
    <div
      className="categoryHeader"
    >
      <div
        className="categoryTitle"
      >
        test1
      </div>
      <div />
    </div>
    <div
      id="resultsHeadings"
    >
      <div
        id="nameHeader"
      >
        Quiz Name
      </div>
      <div
        id="descriptionHeader"
      >
        Description
      </div>
    </div>
    <div>
      <div
        className="quizContainer"
      >
        <div
          className="quiz"
        >
          <div
            className="quizName"
          >
            test
          </div>
          <div
            className="quizDescription"
          >
            test
          </div>
          <div
            className="options"
          >
            <a
              className="start"
              onClick={[Function]}
            >
              <i
                className="far fa-play-circle blue"
              />
               Start
            </a>
          </div>
        </div>
      </div>
      <div
        className="quizContainer"
      >
        <div
          className="quiz"
        >
          <div
            className="quizName"
          >
            test2
          </div>
          <div
            className="quizDescription"
          >
            test2
          </div>
          <div
            className="options"
          >
            <a
              className="start"
              onClick={[Function]}
            >
              <i
                className="far fa-play-circle blue"
              />
               Start
            </a>
          </div>
        </div>
      </div>
    </div>
  </div>
  <div
    className="quizCategorySection"
  >
    <div
      className="categoryHeader"
    >
      <div
        className="categoryTitle"
      >
        test2
      </div>
      <div />
    </div>
    <div
      id="resultsHeadings"
    >
      <div
        id="nameHeader"
      >
        Quiz Name
      </div>
      <div
        id="descriptionHeader"
      >
        Description
      </div>
    </div>
    <div>
      <div
        className="quizContainer"
      >
        <div
          className="quiz"
        >
          <div
            className="quizName"
          >
            test
          </div>
          <div
            className="quizDescription"
          >
            test
          </div>
          <div
            className="options"
          >
            <a
              className="start"
              onClick={[Function]}
            >
              <i
                className="far fa-play-circle blue"
              />
               Start
            </a>
          </div>
        </div>
      </div>
      <div
        className="quizContainer"
      >
        <div
          className="quiz"
        >
          <div
            className="quizName"
          >
            test2
          </div>
          <div
            className="quizDescription"
          >
            test2
          </div>
          <div
            className="options"
          >
            <a
              className="start"
              onClick={[Function]}
            >
              <i
                className="far fa-play-circle blue"
              />
               Start
            </a>
          </div>
        </div>
      </div>
    </div>
  </div>
  <div
    className="quizCategorySection"
  >
    <div
      className="categoryHeader"
    >
      <div
        className="categoryTitle"
      >
        test3
      </div>
      <div />
    </div>
    <div
      id="noQuizzesMsg"
    >
      "There are currenty no quizzes for this category"
    </div>
  </div>
</div>
`;

exports[`AllQuizes should render only READY quizes for a user 1`] = `
<div
  className="componentContainer"
>
  <div
    id="allQuizzesTitle"
  >
    Browse all quizzes by Category
  </div>
  <div
    className="quizCategorySection"
  >
    <div
      className="categoryHeader"
    >
      <div
        className="categoryTitle"
      >
        test1
      </div>
      <div />
    </div>
    <div
      id="resultsHeadings"
    >
      <div
        id="nameHeader"
      >
        Quiz Name
      </div>
      <div
        id="descriptionHeader"
      >
        Description
      </div>
    </div>
    <div>
      <div
        className="quizContainer"
      >
        <div
          className="quiz"
        >
          <div
            className="quizName"
          >
            test
          </div>
          <div
            className="quizDescription"
          >
            test
          </div>
          <div
            className="options"
          >
            <a
              className="start"
              onClick={[Function]}
            >
              <i
                className="far fa-play-circle blue"
              />
               Start
            </a>
          </div>
        </div>
      </div>
      <div
        className="quizContainer"
      >
        <div
          className="quiz"
        >
          <div
            className="quizName"
          >
            test2
          </div>
          <div
            className="quizDescription"
          >
            test2
          </div>
          <div
            className="options"
          >
            <a
              className="start"
              onClick={[Function]}
            >
              <i
                className="far fa-play-circle blue"
              />
               Start
            </a>
          </div>
        </div>
      </div>
    </div>
  </div>
  <div
    className="quizCategorySection"
  >
    <div
      className="categoryHeader"
    >
      <div
        className="categoryTitle"
      >
        test2
      </div>
      <div />
    </div>
    <div
      id="resultsHeadings"
    >
      <div
        id="nameHeader"
      >
        Quiz Name
      </div>
      <div
        id="descriptionHeader"
      >
        Description
      </div>
    </div>
    <div>
      <div
        className="quizContainer"
      >
        <div
          className="quiz"
        >
          <div
            className="quizName"
          >
            test
          </div>
          <div
            className="quizDescription"
          >
            test
          </div>
          <div
            className="options"
          >
            <a
              className="start"
              onClick={[Function]}
            >
              <i
                className="far fa-play-circle blue"
              />
               Start
            </a>
          </div>
        </div>
      </div>
      <div
        className="quizContainer"
      >
        <div
          className="quiz"
        >
          <div
            className="quizName"
          >
            test2
          </div>
          <div
            className="quizDescription"
          >
            test2
          </div>
          <div
            className="options"
          >
            <a
              className="start"
              onClick={[Function]}
            >
              <i
                className="far fa-play-circle blue"
              />
               Start
            </a>
          </div>
        </div>
      </div>
    </div>
  </div>
  <div
    className="quizCategorySection"
  >
    <div
      className="categoryHeader"
    >
      <div
        className="categoryTitle"
      >
        test3
      </div>
      <div />
    </div>
    <div
      id="noQuizzesMsg"
    >
      "There are currenty no quizzes for this category"
    </div>
  </div>
</div>
`;
