// Jest Snapshot v1, https://goo.gl/fbAQLP

exports[`ChangePassword should match the snapshot when rendered 1`] = `
<div
  id="changePassword"
>
  <form
    className="changePasswordForm"
    onSubmit={[Function]}
  >
    <div>
      <div
        id="changePasswordTitle"
      >
        Change Password
      </div>
    </div>
    <div>
      <label>
        Current Password:
      </label>
      <input
        className="inputBox"
        id="ChangePassword - password"
        name="password"
        onBlur={[Function]}
        onChange={[Function]}
        onDragStart={[Function]}
        onDrop={[Function]}
        onFocus={[Function]}
        type="password"
        value=""
      />
    </div>
    <div>
      <label>
        New Password:
      </label>
      <input
        className="inputBox"
        id="ChangePassword - newPassword"
        name="newPassword"
        onBlur={[Function]}
        onChange={[Function]}
        onDragStart={[Function]}
        onDrop={[Function]}
        onFocus={[Function]}
        type="password"
        value=""
      />
    </div>
    <div>
      <label>
         Re-type Password:
      </label>
      <input
        className="inputBox"
        id="ChangePassword - retypedPassword"
        name="retypedPassword"
        onBlur={[Function]}
        onChange={[Function]}
        onDragStart={[Function]}
        onDrop={[Function]}
        onFocus={[Function]}
        type="password"
        value=""
      />
    </div>
    <button
      className="submit"
      id="submitChangePassword"
    >
      Submit
    </button>
  </form>
</div>
`;
